src/components/sections/About.tsx(3,38): error TS6133: 'textVariant' is declared but its value is never read.
